Archive member included to satisfy reference by file (symbol)

c:/program files (x86)/atmel/studio/7.0/toolchain/avr8/avr8-gnu-toolchain/bin/../lib/gcc/avr/5.4.0/avrxmega4\libgcc.a(_exit.o)
                              C:/Program Files (x86)/Atmel/Studio/7.0/Packs/atmel/AVR-Dx_DFP/1.6.76/gcc/dev/avr128db48/avrxmega4/crtavr128db48.o (exit)
c:/program files (x86)/atmel/studio/7.0/toolchain/avr8/avr8-gnu-toolchain/bin/../lib/gcc/avr/5.4.0/avrxmega4\libgcc.a(_copy_data.o)
                              ADC.o (__do_copy_data)
c:/program files (x86)/atmel/studio/7.0/toolchain/avr8/avr8-gnu-toolchain/bin/../lib/gcc/avr/5.4.0/avrxmega4\libgcc.a(_clear_bss.o)
                              ADC.o (__do_clear_bss)
c:/program files (x86)/atmel/studio/7.0/toolchain/avr8/avr8-gnu-toolchain/bin/../lib/gcc/avr/5.4.0/avrxmega4\libgcc.a(_muluhisi3.o)
                              ADC.o (__muluhisi3)
c:/program files (x86)/atmel/studio/7.0/toolchain/avr8/avr8-gnu-toolchain/bin/../lib/gcc/avr/5.4.0/avrxmega4\libgcc.a(_umulhisi3.o)
                              c:/program files (x86)/atmel/studio/7.0/toolchain/avr8/avr8-gnu-toolchain/bin/../lib/gcc/avr/5.4.0/avrxmega4\libgcc.a(_muluhisi3.o) (__umulhisi3)
c:/program files (x86)/atmel/studio/7.0/toolchain/avr8/avr8-gnu-toolchain/bin/../lib/gcc/avr/5.4.0/../../../../avr/lib/avrxmega4\libc.a(sprintf.o)
                              ADC.o (sprintf)
c:/program files (x86)/atmel/studio/7.0/toolchain/avr8/avr8-gnu-toolchain/bin/../lib/gcc/avr/5.4.0/../../../../avr/lib/avrxmega4\libc.a(vfprintf_std.o)
                              c:/program files (x86)/atmel/studio/7.0/toolchain/avr8/avr8-gnu-toolchain/bin/../lib/gcc/avr/5.4.0/../../../../avr/lib/avrxmega4\libc.a(sprintf.o) (vfprintf)
c:/program files (x86)/atmel/studio/7.0/toolchain/avr8/avr8-gnu-toolchain/bin/../lib/gcc/avr/5.4.0/../../../../avr/lib/avrxmega4\libc.a(strnlen_P.o)
                              c:/program files (x86)/atmel/studio/7.0/toolchain/avr8/avr8-gnu-toolchain/bin/../lib/gcc/avr/5.4.0/../../../../avr/lib/avrxmega4\libc.a(vfprintf_std.o) (strnlen_P)
c:/program files (x86)/atmel/studio/7.0/toolchain/avr8/avr8-gnu-toolchain/bin/../lib/gcc/avr/5.4.0/../../../../avr/lib/avrxmega4\libc.a(strnlen.o)
                              c:/program files (x86)/atmel/studio/7.0/toolchain/avr8/avr8-gnu-toolchain/bin/../lib/gcc/avr/5.4.0/../../../../avr/lib/avrxmega4\libc.a(vfprintf_std.o) (strnlen)
c:/program files (x86)/atmel/studio/7.0/toolchain/avr8/avr8-gnu-toolchain/bin/../lib/gcc/avr/5.4.0/../../../../avr/lib/avrxmega4\libc.a(fputc.o)
                              c:/program files (x86)/atmel/studio/7.0/toolchain/avr8/avr8-gnu-toolchain/bin/../lib/gcc/avr/5.4.0/../../../../avr/lib/avrxmega4\libc.a(vfprintf_std.o) (fputc)
c:/program files (x86)/atmel/studio/7.0/toolchain/avr8/avr8-gnu-toolchain/bin/../lib/gcc/avr/5.4.0/../../../../avr/lib/avrxmega4\libc.a(ultoa_invert.o)
                              c:/program files (x86)/atmel/studio/7.0/toolchain/avr8/avr8-gnu-toolchain/bin/../lib/gcc/avr/5.4.0/../../../../avr/lib/avrxmega4\libc.a(vfprintf_std.o) (__ultoa_invert)

Allocating common symbols
Common symbol       size              file

p                   0xe               FSM_Methods.o
vals                0x4               FSM_Methods.o
RTC_time_date_read  0x7               FSM_Methods.o
temp                0x1               ADC.o
present_state       0x1               FSM_Methods.o
dsp_buff1           0x11              ADC.o
read                0x1               FSM_Methods.o
current             0x2               FSM_Methods.o
digit_val           0x2               FSM_Methods.o
boolean             0x2               ADC.o
dsp_buff2           0x11              ADC.o
result              0x2               ADC.o
dsp_buff3           0x11              ADC.o

Discarded input sections

 .data          0x00000000        0x0 C:/Program Files (x86)/Atmel/Studio/7.0/Packs/atmel/AVR-Dx_DFP/1.6.76/gcc/dev/avr128db48/avrxmega4/crtavr128db48.o
 .bss           0x00000000        0x0 C:/Program Files (x86)/Atmel/Studio/7.0/Packs/atmel/AVR-Dx_DFP/1.6.76/gcc/dev/avr128db48/avrxmega4/crtavr128db48.o
 .text          0x00000000        0x0 ADC.o
 .data          0x00000000        0x0 ADC.o
 .bss           0x00000000        0x0 ADC.o
 .text          0x00000000        0x0 FSM_Methods.o
 .data          0x00000000        0x0 FSM_Methods.o
 .bss           0x00000000        0x0 FSM_Methods.o
 .text          0x00000000        0x0 USART3.o
 .data          0x00000000        0x0 USART3.o
 .bss           0x00000000        0x0 USART3.o
 .text          0x00000000        0x0 DOG_LCD.o
 .data          0x00000000        0x0 DOG_LCD.o
 .bss           0x00000000        0x0 DOG_LCD.o
 .text.init_lcd_dog
                0x00000000       0x8c DOG_LCD.o
 .text          0x00000000        0x0 DS1306_RTCDrivers.o
 .data          0x00000000        0x0 DS1306_RTCDrivers.o
 .bss           0x00000000        0x0 DS1306_RTCDrivers.o
 .text          0x00000000        0x0 FSM.o
 .data          0x00000000        0x0 FSM.o
 .bss           0x00000000        0x0 FSM.o
 .text          0x00000000        0x0 main.o
 .data          0x00000000        0x0 main.o
 .bss           0x00000000        0x0 main.o
 .text          0x00000000        0x0 c:/program files (x86)/atmel/studio/7.0/toolchain/avr8/avr8-gnu-toolchain/bin/../lib/gcc/avr/5.4.0/avrxmega4\libgcc.a(_exit.o)
 .data          0x00000000        0x0 c:/program files (x86)/atmel/studio/7.0/toolchain/avr8/avr8-gnu-toolchain/bin/../lib/gcc/avr/5.4.0/avrxmega4\libgcc.a(_exit.o)
 .bss           0x00000000        0x0 c:/program files (x86)/atmel/studio/7.0/toolchain/avr8/avr8-gnu-toolchain/bin/../lib/gcc/avr/5.4.0/avrxmega4\libgcc.a(_exit.o)
 .text.libgcc.mul
                0x00000000        0x0 c:/program files (x86)/atmel/studio/7.0/toolchain/avr8/avr8-gnu-toolchain/bin/../lib/gcc/avr/5.4.0/avrxmega4\libgcc.a(_exit.o)
 .text.libgcc.div
                0x00000000        0x0 c:/program files (x86)/atmel/studio/7.0/toolchain/avr8/avr8-gnu-toolchain/bin/../lib/gcc/avr/5.4.0/avrxmega4\libgcc.a(_exit.o)
 .text.libgcc   0x00000000        0x0 c:/program files (x86)/atmel/studio/7.0/toolchain/avr8/avr8-gnu-toolchain/bin/../lib/gcc/avr/5.4.0/avrxmega4\libgcc.a(_exit.o)
 .text.libgcc.prologue
                0x00000000        0x0 c:/program files (x86)/atmel/studio/7.0/toolchain/avr8/avr8-gnu-toolchain/bin/../lib/gcc/avr/5.4.0/avrxmega4\libgcc.a(_exit.o)
 .text.libgcc.builtins
                0x00000000        0x0 c:/program files (x86)/atmel/studio/7.0/toolchain/avr8/avr8-gnu-toolchain/bin/../lib/gcc/avr/5.4.0/avrxmega4\libgcc.a(_exit.o)
 .text.libgcc.fmul
                0x00000000        0x0 c:/program files (x86)/atmel/studio/7.0/toolchain/avr8/avr8-gnu-toolchain/bin/../lib/gcc/avr/5.4.0/avrxmega4\libgcc.a(_exit.o)
 .text.libgcc.fixed
                0x00000000        0x0 c:/program files (x86)/atmel/studio/7.0/toolchain/avr8/avr8-gnu-toolchain/bin/../lib/gcc/avr/5.4.0/avrxmega4\libgcc.a(_exit.o)
 .text          0x00000000        0x0 c:/program files (x86)/atmel/studio/7.0/toolchain/avr8/avr8-gnu-toolchain/bin/../lib/gcc/avr/5.4.0/avrxmega4\libgcc.a(_copy_data.o)
 .data          0x00000000        0x0 c:/program files (x86)/atmel/studio/7.0/toolchain/avr8/avr8-gnu-toolchain/bin/../lib/gcc/avr/5.4.0/avrxmega4\libgcc.a(_copy_data.o)
 .bss           0x00000000        0x0 c:/program files (x86)/atmel/studio/7.0/toolchain/avr8/avr8-gnu-toolchain/bin/../lib/gcc/avr/5.4.0/avrxmega4\libgcc.a(_copy_data.o)
 .text.libgcc.mul
                0x00000000        0x0 c:/program files (x86)/atmel/studio/7.0/toolchain/avr8/avr8-gnu-toolchain/bin/../lib/gcc/avr/5.4.0/avrxmega4\libgcc.a(_copy_data.o)
 .text.libgcc.div
                0x00000000        0x0 c:/program files (x86)/atmel/studio/7.0/toolchain/avr8/avr8-gnu-toolchain/bin/../lib/gcc/avr/5.4.0/avrxmega4\libgcc.a(_copy_data.o)
 .text.libgcc   0x00000000        0x0 c:/program files (x86)/atmel/studio/7.0/toolchain/avr8/avr8-gnu-toolchain/bin/../lib/gcc/avr/5.4.0/avrxmega4\libgcc.a(_copy_data.o)
 .text.libgcc.prologue
                0x00000000        0x0 c:/program files (x86)/atmel/studio/7.0/toolchain/avr8/avr8-gnu-toolchain/bin/../lib/gcc/avr/5.4.0/avrxmega4\libgcc.a(_copy_data.o)
 .text.libgcc.builtins
                0x00000000        0x0 c:/program files (x86)/atmel/studio/7.0/toolchain/avr8/avr8-gnu-toolchain/bin/../lib/gcc/avr/5.4.0/avrxmega4\libgcc.a(_copy_data.o)
 .text.libgcc.fmul
                0x00000000        0x0 c:/program files (x86)/atmel/studio/7.0/toolchain/avr8/avr8-gnu-toolchain/bin/../lib/gcc/avr/5.4.0/avrxmega4\libgcc.a(_copy_data.o)
 .text.libgcc.fixed
                0x00000000        0x0 c:/program files (x86)/atmel/studio/7.0/toolchain/avr8/avr8-gnu-toolchain/bin/../lib/gcc/avr/5.4.0/avrxmega4\libgcc.a(_copy_data.o)
 .text          0x00000000        0x0 c:/program files (x86)/atmel/studio/7.0/toolchain/avr8/avr8-gnu-toolchain/bin/../lib/gcc/avr/5.4.0/avrxmega4\libgcc.a(_clear_bss.o)
 .data          0x00000000        0x0 c:/program files (x86)/atmel/studio/7.0/toolchain/avr8/avr8-gnu-toolchain/bin/../lib/gcc/avr/5.4.0/avrxmega4\libgcc.a(_clear_bss.o)
 .bss           0x00000000        0x0 c:/program files (x86)/atmel/studio/7.0/toolchain/avr8/avr8-gnu-toolchain/bin/../lib/gcc/avr/5.4.0/avrxmega4\libgcc.a(_clear_bss.o)
 .text.libgcc.mul
                0x00000000        0x0 c:/program files (x86)/atmel/studio/7.0/toolchain/avr8/avr8-gnu-toolchain/bin/../lib/gcc/avr/5.4.0/avrxmega4\libgcc.a(_clear_bss.o)
 .text.libgcc.div
                0x00000000        0x0 c:/program files (x86)/atmel/studio/7.0/toolchain/avr8/avr8-gnu-toolchain/bin/../lib/gcc/avr/5.4.0/avrxmega4\libgcc.a(_clear_bss.o)
 .text.libgcc   0x00000000        0x0 c:/program files (x86)/atmel/studio/7.0/toolchain/avr8/avr8-gnu-toolchain/bin/../lib/gcc/avr/5.4.0/avrxmega4\libgcc.a(_clear_bss.o)
 .text.libgcc.prologue
                0x00000000        0x0 c:/program files (x86)/atmel/studio/7.0/toolchain/avr8/avr8-gnu-toolchain/bin/../lib/gcc/avr/5.4.0/avrxmega4\libgcc.a(_clear_bss.o)
 .text.libgcc.builtins
                0x00000000        0x0 c:/program files (x86)/atmel/studio/7.0/toolchain/avr8/avr8-gnu-toolchain/bin/../lib/gcc/avr/5.4.0/avrxmega4\libgcc.a(_clear_bss.o)
 .text.libgcc.fmul
                0x00000000        0x0 c:/program files (x86)/atmel/studio/7.0/toolchain/avr8/avr8-gnu-toolchain/bin/../lib/gcc/avr/5.4.0/avrxmega4\libgcc.a(_clear_bss.o)
 .text.libgcc.fixed
                0x00000000        0x0 c:/program files (x86)/atmel/studio/7.0/toolchain/avr8/avr8-gnu-toolchain/bin/../lib/gcc/avr/5.4.0/avrxmega4\libgcc.a(_clear_bss.o)
 .text          0x00000000        0x0 c:/program files (x86)/atmel/studio/7.0/toolchain/avr8/avr8-gnu-toolchain/bin/../lib/gcc/avr/5.4.0/avrxmega4\libgcc.a(_muluhisi3.o)
 .data          0x00000000        0x0 c:/program files (x86)/atmel/studio/7.0/toolchain/avr8/avr8-gnu-toolchain/bin/../lib/gcc/avr/5.4.0/avrxmega4\libgcc.a(_muluhisi3.o)
 .bss           0x00000000        0x0 c:/program files (x86)/atmel/studio/7.0/toolchain/avr8/avr8-gnu-toolchain/bin/../lib/gcc/avr/5.4.0/avrxmega4\libgcc.a(_muluhisi3.o)
 .text.libgcc.div
                0x00000000        0x0 c:/program files (x86)/atmel/studio/7.0/toolchain/avr8/avr8-gnu-toolchain/bin/../lib/gcc/avr/5.4.0/avrxmega4\libgcc.a(_muluhisi3.o)
 .text.libgcc   0x00000000        0x0 c:/program files (x86)/atmel/studio/7.0/toolchain/avr8/avr8-gnu-toolchain/bin/../lib/gcc/avr/5.4.0/avrxmega4\libgcc.a(_muluhisi3.o)
 .text.libgcc.prologue
                0x00000000        0x0 c:/program files (x86)/atmel/studio/7.0/toolchain/avr8/avr8-gnu-toolchain/bin/../lib/gcc/avr/5.4.0/avrxmega4\libgcc.a(_muluhisi3.o)
 .text.libgcc.builtins
                0x00000000        0x0 c:/program files (x86)/atmel/studio/7.0/toolchain/avr8/avr8-gnu-toolchain/bin/../lib/gcc/avr/5.4.0/avrxmega4\libgcc.a(_muluhisi3.o)
 .text.libgcc.fmul
                0x00000000        0x0 c:/program files (x86)/atmel/studio/7.0/toolchain/avr8/avr8-gnu-toolchain/bin/../lib/gcc/avr/5.4.0/avrxmega4\libgcc.a(_muluhisi3.o)
 .text.libgcc.fixed
                0x00000000        0x0 c:/program files (x86)/atmel/studio/7.0/toolchain/avr8/avr8-gnu-toolchain/bin/../lib/gcc/avr/5.4.0/avrxmega4\libgcc.a(_muluhisi3.o)
 .text          0x00000000        0x0 c:/program files (x86)/atmel/studio/7.0/toolchain/avr8/avr8-gnu-toolchain/bin/../lib/gcc/avr/5.4.0/avrxmega4\libgcc.a(_umulhisi3.o)
 .data          0x00000000        0x0 c:/program files (x86)/atmel/studio/7.0/toolchain/avr8/avr8-gnu-toolchain/bin/../lib/gcc/avr/5.4.0/avrxmega4\libgcc.a(_umulhisi3.o)
 .bss           0x00000000        0x0 c:/program files (x86)/atmel/studio/7.0/toolchain/avr8/avr8-gnu-toolchain/bin/../lib/gcc/avr/5.4.0/avrxmega4\libgcc.a(_umulhisi3.o)
 .text.libgcc.div
                0x00000000        0x0 c:/program files (x86)/atmel/studio/7.0/toolchain/avr8/avr8-gnu-toolchain/bin/../lib/gcc/avr/5.4.0/avrxmega4\libgcc.a(_umulhisi3.o)
 .text.libgcc   0x00000000        0x0 c:/program files (x86)/atmel/studio/7.0/toolchain/avr8/avr8-gnu-toolchain/bin/../lib/gcc/avr/5.4.0/avrxmega4\libgcc.a(_umulhisi3.o)
 .text.libgcc.prologue
                0x00000000        0x0 c:/program files (x86)/atmel/studio/7.0/toolchain/avr8/avr8-gnu-toolchain/bin/../lib/gcc/avr/5.4.0/avrxmega4\libgcc.a(_umulhisi3.o)
 .text.libgcc.builtins
                0x00000000        0x0 c:/program files (x86)/atmel/studio/7.0/toolchain/avr8/avr8-gnu-toolchain/bin/../lib/gcc/avr/5.4.0/avrxmega4\libgcc.a(_umulhisi3.o)
 .text.libgcc.fmul
                0x00000000        0x0 c:/program files (x86)/atmel/studio/7.0/toolchain/avr8/avr8-gnu-toolchain/bin/../lib/gcc/avr/5.4.0/avrxmega4\libgcc.a(_umulhisi3.o)
 .text.libgcc.fixed
                0x00000000        0x0 c:/program files (x86)/atmel/studio/7.0/toolchain/avr8/avr8-gnu-toolchain/bin/../lib/gcc/avr/5.4.0/avrxmega4\libgcc.a(_umulhisi3.o)
 .text          0x00000000        0x0 c:/program files (x86)/atmel/studio/7.0/toolchain/avr8/avr8-gnu-toolchain/bin/../lib/gcc/avr/5.4.0/../../../../avr/lib/avrxmega4\libc.a(sprintf.o)
 .data          0x00000000        0x0 c:/program files (x86)/atmel/studio/7.0/toolchain/avr8/avr8-gnu-toolchain/bin/../lib/gcc/avr/5.4.0/../../../../avr/lib/avrxmega4\libc.a(sprintf.o)
 .bss           0x00000000        0x0 c:/program files (x86)/atmel/studio/7.0/toolchain/avr8/avr8-gnu-toolchain/bin/../lib/gcc/avr/5.4.0/../../../../avr/lib/avrxmega4\libc.a(sprintf.o)
 .text          0x00000000        0x0 c:/program files (x86)/atmel/studio/7.0/toolchain/avr8/avr8-gnu-toolchain/bin/../lib/gcc/avr/5.4.0/../../../../avr/lib/avrxmega4\libc.a(vfprintf_std.o)
 .data          0x00000000        0x0 c:/program files (x86)/atmel/studio/7.0/toolchain/avr8/avr8-gnu-toolchain/bin/../lib/gcc/avr/5.4.0/../../../../avr/lib/avrxmega4\libc.a(vfprintf_std.o)
 .bss           0x00000000        0x0 c:/program files (x86)/atmel/studio/7.0/toolchain/avr8/avr8-gnu-toolchain/bin/../lib/gcc/avr/5.4.0/../../../../avr/lib/avrxmega4\libc.a(vfprintf_std.o)
 .text          0x00000000        0x0 c:/program files (x86)/atmel/studio/7.0/toolchain/avr8/avr8-gnu-toolchain/bin/../lib/gcc/avr/5.4.0/../../../../avr/lib/avrxmega4\libc.a(strnlen_P.o)
 .data          0x00000000        0x0 c:/program files (x86)/atmel/studio/7.0/toolchain/avr8/avr8-gnu-toolchain/bin/../lib/gcc/avr/5.4.0/../../../../avr/lib/avrxmega4\libc.a(strnlen_P.o)
 .bss           0x00000000        0x0 c:/program files (x86)/atmel/studio/7.0/toolchain/avr8/avr8-gnu-toolchain/bin/../lib/gcc/avr/5.4.0/../../../../avr/lib/avrxmega4\libc.a(strnlen_P.o)
 .text          0x00000000        0x0 c:/program files (x86)/atmel/studio/7.0/toolchain/avr8/avr8-gnu-toolchain/bin/../lib/gcc/avr/5.4.0/../../../../avr/lib/avrxmega4\libc.a(strnlen.o)
 .data          0x00000000        0x0 c:/program files (x86)/atmel/studio/7.0/toolchain/avr8/avr8-gnu-toolchain/bin/../lib/gcc/avr/5.4.0/../../../../avr/lib/avrxmega4\libc.a(strnlen.o)
 .bss           0x00000000        0x0 c:/program files (x86)/atmel/studio/7.0/toolchain/avr8/avr8-gnu-toolchain/bin/../lib/gcc/avr/5.4.0/../../../../avr/lib/avrxmega4\libc.a(strnlen.o)
 .text          0x00000000        0x0 c:/program files (x86)/atmel/studio/7.0/toolchain/avr8/avr8-gnu-toolchain/bin/../lib/gcc/avr/5.4.0/../../../../avr/lib/avrxmega4\libc.a(fputc.o)
 .data          0x00000000        0x0 c:/program files (x86)/atmel/studio/7.0/toolchain/avr8/avr8-gnu-toolchain/bin/../lib/gcc/avr/5.4.0/../../../../avr/lib/avrxmega4\libc.a(fputc.o)
 .bss           0x00000000        0x0 c:/program files (x86)/atmel/studio/7.0/toolchain/avr8/avr8-gnu-toolchain/bin/../lib/gcc/avr/5.4.0/../../../../avr/lib/avrxmega4\libc.a(fputc.o)
 .text          0x00000000        0x0 c:/program files (x86)/atmel/studio/7.0/toolchain/avr8/avr8-gnu-toolchain/bin/../lib/gcc/avr/5.4.0/../../../../avr/lib/avrxmega4\libc.a(ultoa_invert.o)
 .data          0x00000000        0x0 c:/program files (x86)/atmel/studio/7.0/toolchain/avr8/avr8-gnu-toolchain/bin/../lib/gcc/avr/5.4.0/../../../../avr/lib/avrxmega4\libc.a(ultoa_invert.o)
 .bss           0x00000000        0x0 c:/program files (x86)/atmel/studio/7.0/toolchain/avr8/avr8-gnu-toolchain/bin/../lib/gcc/avr/5.4.0/../../../../avr/lib/avrxmega4\libc.a(ultoa_invert.o)

Memory Configuration

Name             Origin             Length             Attributes
text             0x00000000         0x00020000         xr
data             0x00804000         0x00004000         rw !x
eeprom           0x00810000         0x00000200         rw !x
fuse             0x00820000         0x00000010         rw !x
lock             0x00830000         0x00000400         rw !x
signature        0x00840000         0x00000400         rw !x
user_signatures  0x00850000         0x00000400         rw !x
*default*        0x00000000         0xffffffff

Linker script and memory map

Address of section .data set to 0x804000
                0x00008000                __RODATA_PM_OFFSET__ = 0x8000
LOAD C:/Program Files (x86)/Atmel/Studio/7.0/Packs/atmel/AVR-Dx_DFP/1.6.76/gcc/dev/avr128db48/avrxmega4/crtavr128db48.o
LOAD ADC.o
LOAD FSM_Methods.o
LOAD USART3.o
LOAD DOG_LCD.o
LOAD DS1306_RTCDrivers.o
LOAD FSM.o
LOAD main.o
START GROUP
LOAD c:/program files (x86)/atmel/studio/7.0/toolchain/avr8/avr8-gnu-toolchain/bin/../lib/gcc/avr/5.4.0/../../../../avr/lib/avrxmega4\libm.a
END GROUP
START GROUP
LOAD c:/program files (x86)/atmel/studio/7.0/toolchain/avr8/avr8-gnu-toolchain/bin/../lib/gcc/avr/5.4.0/avrxmega4\libgcc.a
LOAD c:/program files (x86)/atmel/studio/7.0/toolchain/avr8/avr8-gnu-toolchain/bin/../lib/gcc/avr/5.4.0/../../../../avr/lib/avrxmega4\libm.a
LOAD c:/program files (x86)/atmel/studio/7.0/toolchain/avr8/avr8-gnu-toolchain/bin/../lib/gcc/avr/5.4.0/../../../../avr/lib/avrxmega4\libc.a
LOAD C:/Program Files (x86)/Atmel/Studio/7.0/Packs/atmel/AVR-Dx_DFP/1.6.76/gcc/dev/avr128db48/avrxmega4\libavr128db48.a
END GROUP
                [0x00000000]                __TEXT_REGION_ORIGIN__ = DEFINED (__TEXT_REGION_ORIGIN__)?__TEXT_REGION_ORIGIN__:0x0
                [0x00804000]                __DATA_REGION_ORIGIN__ = DEFINED (__DATA_REGION_ORIGIN__)?__DATA_REGION_ORIGIN__:0x802000
                [0x00020000]                __TEXT_REGION_LENGTH__ = DEFINED (__TEXT_REGION_LENGTH__)?__TEXT_REGION_LENGTH__:0x100000
                [0x00004000]                __DATA_REGION_LENGTH__ = DEFINED (__DATA_REGION_LENGTH__)?__DATA_REGION_LENGTH__:0xffa0
                [0x00000200]                __EEPROM_REGION_LENGTH__ = DEFINED (__EEPROM_REGION_LENGTH__)?__EEPROM_REGION_LENGTH__:0x10000
                [0x00000010]                __FUSE_REGION_LENGTH__ = DEFINED (__FUSE_REGION_LENGTH__)?__FUSE_REGION_LENGTH__:0x400
                0x00000400                __LOCK_REGION_LENGTH__ = DEFINED (__LOCK_REGION_LENGTH__)?__LOCK_REGION_LENGTH__:0x400
                0x00000400                __SIGNATURE_REGION_LENGTH__ = DEFINED (__SIGNATURE_REGION_LENGTH__)?__SIGNATURE_REGION_LENGTH__:0x400
                0x00000400                __USER_SIGNATURE_REGION_LENGTH__ = DEFINED (__USER_SIGNATURE_REGION_LENGTH__)?__USER_SIGNATURE_REGION_LENGTH__:0x400

.hash
 *(.hash)

.dynsym
 *(.dynsym)

.dynstr
 *(.dynstr)

.gnu.version
 *(.gnu.version)

.gnu.version_d
 *(.gnu.version_d)

.gnu.version_r
 *(.gnu.version_r)

.rel.init
 *(.rel.init)

.rela.init
 *(.rela.init)

.rel.text
 *(.rel.text)
 *(.rel.text.*)
 *(.rel.gnu.linkonce.t*)

.rela.text
 *(.rela.text)
 *(.rela.text.*)
 *(.rela.gnu.linkonce.t*)

.rel.fini
 *(.rel.fini)

.rela.fini
 *(.rela.fini)

.rel.rodata
 *(.rel.rodata)
 *(.rel.rodata.*)
 *(.rel.gnu.linkonce.r*)

.rela.rodata
 *(.rela.rodata)
 *(.rela.rodata.*)
 *(.rela.gnu.linkonce.r*)

.rel.data
 *(.rel.data)
 *(.rel.data.*)
 *(.rel.gnu.linkonce.d*)

.rela.data
 *(.rela.data)
 *(.rela.data.*)
 *(.rela.gnu.linkonce.d*)

.rel.ctors
 *(.rel.ctors)

.rela.ctors
 *(.rela.ctors)

.rel.dtors
 *(.rel.dtors)

.rela.dtors
 *(.rela.dtors)

.rel.got
 *(.rel.got)

.rela.got
 *(.rela.got)

.rel.bss
 *(.rel.bss)

.rela.bss
 *(.rela.bss)

.rel.plt
 *(.rel.plt)

.rela.plt
 *(.rela.plt)

.text           0x00000000      0xee8
 *(.vectors)
 .vectors       0x00000000       0xf4 C:/Program Files (x86)/Atmel/Studio/7.0/Packs/atmel/AVR-Dx_DFP/1.6.76/gcc/dev/avr128db48/avrxmega4/crtavr128db48.o
                0x00000000                __vector_default
                0x00000000                __vectors
 *(.vectors)
 *(.progmem.gcc*)
                0x000000f4                . = ALIGN (0x2)
                0x000000f4                __trampolines_start = .
 *(.trampolines)
 .trampolines   0x000000f4        0x0 linker stubs
 *(.trampolines*)
                0x000000f4                __trampolines_end = .
 *libprintf_flt.a:*(.progmem.data)
 *libc.a:*(.progmem.data)
 *(.progmem*)
                0x000000f4                . = ALIGN (0x2)
 *(.jumptables)
 *(.jumptables*)
 *(.lowtext)
 *(.lowtext*)
                0x000000f4                __ctors_start = .
 *(.ctors)
                0x000000f4                __ctors_end = .
                0x000000f4                __dtors_start = .
 *(.dtors)
                0x000000f4                __dtors_end = .
 SORT(*)(.ctors)
 SORT(*)(.dtors)
 *(.init0)
 .init0         0x000000f4        0x0 C:/Program Files (x86)/Atmel/Studio/7.0/Packs/atmel/AVR-Dx_DFP/1.6.76/gcc/dev/avr128db48/avrxmega4/crtavr128db48.o
                0x000000f4                __init
 *(.init0)
 *(.init1)
 *(.init1)
 *(.init2)
 .init2         0x000000f4        0xc C:/Program Files (x86)/Atmel/Studio/7.0/Packs/atmel/AVR-Dx_DFP/1.6.76/gcc/dev/avr128db48/avrxmega4/crtavr128db48.o
 *(.init2)
 *(.init3)
 *(.init3)
 *(.init4)
 .init4         0x00000100       0x1a c:/program files (x86)/atmel/studio/7.0/toolchain/avr8/avr8-gnu-toolchain/bin/../lib/gcc/avr/5.4.0/avrxmega4\libgcc.a(_copy_data.o)
                0x00000100                __do_copy_data
 .init4         0x0000011a       0x10 c:/program files (x86)/atmel/studio/7.0/toolchain/avr8/avr8-gnu-toolchain/bin/../lib/gcc/avr/5.4.0/avrxmega4\libgcc.a(_clear_bss.o)
                0x0000011a                __do_clear_bss
 *(.init4)
 *(.init5)
 *(.init5)
 *(.init6)
 *(.init6)
 *(.init7)
 *(.init7)
 *(.init8)
 *(.init8)
 *(.init9)
 .init9         0x0000012a        0x8 C:/Program Files (x86)/Atmel/Studio/7.0/Packs/atmel/AVR-Dx_DFP/1.6.76/gcc/dev/avr128db48/avrxmega4/crtavr128db48.o
 *(.init9)
 *(.text)
 .text          0x00000132        0x4 C:/Program Files (x86)/Atmel/Studio/7.0/Packs/atmel/AVR-Dx_DFP/1.6.76/gcc/dev/avr128db48/avrxmega4/crtavr128db48.o
                0x00000132                __vector_38
                0x00000132                __vector_22
                0x00000132                __vector_28
                0x00000132                __vector_1
                0x00000132                __vector_32
                0x00000132                __vector_34
                0x00000132                __vector_24
                0x00000132                __vector_12
                0x00000132                __vector_55
                0x00000132                __vector_46
                0x00000132                __bad_interrupt
                0x00000132                __vector_6
                0x00000132                __vector_31
                0x00000132                __vector_35
                0x00000132                __vector_39
                0x00000132                __vector_3
                0x00000132                __vector_23
                0x00000132                __vector_45
                0x00000132                __vector_25
                0x00000132                __vector_11
                0x00000132                __vector_54
                0x00000132                __vector_13
                0x00000132                __vector_17
                0x00000132                __vector_19
                0x00000132                __vector_56
                0x00000132                __vector_7
                0x00000132                __vector_49
                0x00000132                __vector_41
                0x00000132                __vector_43
                0x00000132                __vector_27
                0x00000132                __vector_5
                0x00000132                __vector_33
                0x00000132                __vector_47
                0x00000132                __vector_52
                0x00000132                __vector_37
                0x00000132                __vector_4
                0x00000132                __vector_44
                0x00000132                __vector_51
                0x00000132                __vector_9
                0x00000132                __vector_2
                0x00000132                __vector_21
                0x00000132                __vector_15
                0x00000132                __vector_36
                0x00000132                __vector_58
                0x00000132                __vector_29
                0x00000132                __vector_60
                0x00000132                __vector_40
                0x00000132                __vector_8
                0x00000132                __vector_26
                0x00000132                __vector_48
                0x00000132                __vector_14
                0x00000132                __vector_57
                0x00000132                __vector_10
                0x00000132                __vector_50
                0x00000132                __vector_16
                0x00000132                __vector_59
                0x00000132                __vector_18
                0x00000132                __vector_20
                0x00000132                __vector_42
                0x00000136                . = ALIGN (0x2)
 *(.text.*)
 .text.init_adc
                0x00000136       0x26 ADC.o
                0x00000136                init_adc
 .text.convert  0x0000015c      0x126 ADC.o
                0x0000015c                convert
 .text.set_fn   0x00000282        0xe FSM_Methods.o
                0x00000282                set_fn
 .text.error_fn
                0x00000290        0x2 FSM_Methods.o
                0x00000290                error_fn
 .text.set_hours_fn
                0x00000292       0x16 FSM_Methods.o
                0x00000292                set_hours_fn
 .text.set_mins_fn
                0x000002a8       0x16 FSM_Methods.o
                0x000002a8                set_mins_fn
 .text.set_sec_fn
                0x000002be       0x16 FSM_Methods.o
                0x000002be                set_sec_fn
 .text.digit_in_fn
                0x000002d4       0x1a FSM_Methods.o
                0x000002d4                digit_in_fn
 .text.enter_hour_fn
                0x000002ee       0x42 FSM_Methods.o
                0x000002ee                enter_hour_fn
 .text.enter_min_fn
                0x00000330       0x42 FSM_Methods.o
                0x00000330                enter_min_fn
 .text.enter_sec_fn
                0x00000372       0x42 FSM_Methods.o
                0x00000372                enter_sec_fn
 .text.init_USART
                0x000003b4       0x20 USART3.o
                0x000003b4                init_USART
 .text.transmit_USART
                0x000003d4       0x18 USART3.o
                0x000003d4                transmit_USART
 .text.init_spi_lcd
                0x000003ec       0x26 DOG_LCD.o
                0x000003ec                init_spi_lcd
 .text.lcd_spi_transmit_CMD
                0x00000412       0x36 DOG_LCD.o
                0x00000412                lcd_spi_transmit_CMD
 .text.lcd_spi_transmit_DATA
                0x00000448       0x38 DOG_LCD.o
                0x00000448                lcd_spi_transmit_DATA
 .text.update_lcd_dog
                0x00000480       0x9e DOG_LCD.o
                0x00000480                update_lcd_dog
 .text.SPI_rtc_ds1306_config
                0x0000051e       0x28 DS1306_RTCDrivers.o
                0x0000051e                SPI_rtc_ds1306_config
 .text.block_write_RTC
                0x00000546       0x6c DS1306_RTCDrivers.o
                0x00000546                block_write_RTC
 .text.block_read_RTC
                0x000005b2       0x6e DS1306_RTCDrivers.o
                0x000005b2                block_read_RTC
 .text.write_RTC
                0x00000620       0x4c DS1306_RTCDrivers.o
                0x00000620                write_RTC
 .text.read_RTC
                0x0000066c       0x50 DS1306_RTCDrivers.o
                0x0000066c                read_RTC
 .text.write_read_RTC_test
                0x000006bc       0x4e DS1306_RTCDrivers.o
                0x000006bc                write_read_RTC_test
 .text.fsm      0x0000070a       0x68 FSM.o
                0x0000070a                fsm
 .text.__vector_30
                0x00000772       0x62 main.o
                0x00000772                __vector_30
 .text.__vector_53
                0x000007d4       0xec main.o
                0x000007d4                __vector_53
 .text.initInterupt
                0x000008c0       0x1c main.o
                0x000008c0                initInterupt
 .text.main     0x000008dc       0x1a main.o
                0x000008dc                main
 .text.libgcc.mul
                0x000008f6       0x16 c:/program files (x86)/atmel/studio/7.0/toolchain/avr8/avr8-gnu-toolchain/bin/../lib/gcc/avr/5.4.0/avrxmega4\libgcc.a(_muluhisi3.o)
                0x000008f6                __muluhisi3
 .text.libgcc.mul
                0x0000090c       0x1e c:/program files (x86)/atmel/studio/7.0/toolchain/avr8/avr8-gnu-toolchain/bin/../lib/gcc/avr/5.4.0/avrxmega4\libgcc.a(_umulhisi3.o)
                0x0000090c                __umulhisi3
 .text.avr-libc
                0x0000092a       0x52 c:/program files (x86)/atmel/studio/7.0/toolchain/avr8/avr8-gnu-toolchain/bin/../lib/gcc/avr/5.4.0/../../../../avr/lib/avrxmega4\libc.a(sprintf.o)
                0x0000092a                sprintf
 .text.avr-libc
                0x0000097c      0x408 c:/program files (x86)/atmel/studio/7.0/toolchain/avr8/avr8-gnu-toolchain/bin/../lib/gcc/avr/5.4.0/../../../../avr/lib/avrxmega4\libc.a(vfprintf_std.o)
                0x0000097c                vfprintf
 .text.avr-libc
                0x00000d84       0x16 c:/program files (x86)/atmel/studio/7.0/toolchain/avr8/avr8-gnu-toolchain/bin/../lib/gcc/avr/5.4.0/../../../../avr/lib/avrxmega4\libc.a(strnlen_P.o)
                0x00000d84                strnlen_P
 .text.avr-libc
                0x00000d9a       0x16 c:/program files (x86)/atmel/studio/7.0/toolchain/avr8/avr8-gnu-toolchain/bin/../lib/gcc/avr/5.4.0/../../../../avr/lib/avrxmega4\libc.a(strnlen.o)
                0x00000d9a                strnlen
 .text.avr-libc
                0x00000db0       0x78 c:/program files (x86)/atmel/studio/7.0/toolchain/avr8/avr8-gnu-toolchain/bin/../lib/gcc/avr/5.4.0/../../../../avr/lib/avrxmega4\libc.a(fputc.o)
                0x00000db0                fputc
 .text.avr-libc
                0x00000e28       0xbc c:/program files (x86)/atmel/studio/7.0/toolchain/avr8/avr8-gnu-toolchain/bin/../lib/gcc/avr/5.4.0/../../../../avr/lib/avrxmega4\libc.a(ultoa_invert.o)
                0x00000e28                __ultoa_invert
                0x00000ee4                . = ALIGN (0x2)
 *(.fini9)
 .fini9         0x00000ee4        0x0 c:/program files (x86)/atmel/studio/7.0/toolchain/avr8/avr8-gnu-toolchain/bin/../lib/gcc/avr/5.4.0/avrxmega4\libgcc.a(_exit.o)
                0x00000ee4                _exit
                0x00000ee4                exit
 *(.fini9)
 *(.fini8)
 *(.fini8)
 *(.fini7)
 *(.fini7)
 *(.fini6)
 *(.fini6)
 *(.fini5)
 *(.fini5)
 *(.fini4)
 *(.fini4)
 *(.fini3)
 *(.fini3)
 *(.fini2)
 *(.fini2)
 *(.fini1)
 *(.fini1)
 *(.fini0)
 .fini0         0x00000ee4        0x4 c:/program files (x86)/atmel/studio/7.0/toolchain/avr8/avr8-gnu-toolchain/bin/../lib/gcc/avr/5.4.0/avrxmega4\libgcc.a(_exit.o)
 *(.fini0)
                0x00000ee8                _etext = .

.data           0x00804000       0x6c load address 0x00000ee8
                0x00804000                PROVIDE (__data_start, .)
 *(.data)
 *(.data*)
 .data.ps_transition_ptr
                0x00804000        0xa FSM.o
                0x00804000                ps_transition_ptr
 *(.gnu.linkonce.d*)
 *(.rodata)
 *(.rodata*)
 .rodata.str1.1
                0x0080400a        0xb ADC.o
 .rodata.str1.1
                0x00804015        0xf DS1306_RTCDrivers.o
 .rodata.seconds_transitions
                0x00804024       0x10 FSM.o
                0x00804024                seconds_transitions
 .rodata.minutes_transitions
                0x00804034       0x10 FSM.o
                0x00804034                minutes_transitions
 .rodata.hours_transitions
                0x00804044       0x10 FSM.o
                0x00804044                hours_transitions
 .rodata.set_transitions
                0x00804054       0x10 FSM.o
                0x00804054                set_transitions
 .rodata.idle_transitions
                0x00804064        0x8 FSM.o
                0x00804064                idle_transitions
 *(.gnu.linkonce.r*)
                0x0080406c                . = ALIGN (0x2)
                0x0080406c                _edata = .
                0x0080406c                PROVIDE (__data_end, .)

.bss            0x0080406c       0x5e
                0x0080406c                PROVIDE (__bss_start, .)
 *(.bss)
 *(.bss*)
 .bss.RTC_time_date_write
                0x0080406c        0x7 DS1306_RTCDrivers.o
                0x0080406c                RTC_time_date_write
 *(COMMON)
 COMMON         0x00804073       0x38 ADC.o
                0x00804073                temp
                0x00804074                dsp_buff1
                0x00804085                boolean
                0x00804087                dsp_buff2
                0x00804098                result
                0x0080409a                dsp_buff3
 COMMON         0x008040ab       0x1f FSM_Methods.o
                0x008040ab                p
                0x008040b9                vals
                0x008040bd                RTC_time_date_read
                0x008040c4                present_state
                0x008040c5                read
                0x008040c6                current
                0x008040c8                digit_val
                0x008040ca                PROVIDE (__bss_end, .)
                0x00000ee8                __data_load_start = LOADADDR (.data)
                0x00000f54                __data_load_end = (__data_load_start + SIZEOF (.data))

.noinit         0x008040ca        0x0
                [!provide]                PROVIDE (__noinit_start, .)
 *(.noinit*)
                [!provide]                PROVIDE (__noinit_end, .)
                0x008040ca                _end = .
                [!provide]                PROVIDE (__heap_start, .)

.eeprom         0x00810000        0x0
 *(.eeprom*)
                0x00810000                __eeprom_end = .

.fuse
 *(.fuse)
 *(.lfuse)
 *(.hfuse)
 *(.efuse)

.lock
 *(.lock*)

.signature
 *(.signature*)

.user_signatures
 *(.user_signatures*)

.stab
 *(.stab)

.stabstr
 *(.stabstr)

.stab.excl
 *(.stab.excl)

.stab.exclstr
 *(.stab.exclstr)

.stab.index
 *(.stab.index)

.stab.indexstr
 *(.stab.indexstr)

.comment        0x00000000       0x5c
 *(.comment)
 .comment       0x00000000       0x30 ADC.o
                                 0x31 (size before relaxing)
 .comment       0x00000030       0x31 FSM_Methods.o
 .comment       0x00000030       0x31 USART3.o
 .comment       0x00000030       0x31 DOG_LCD.o
 .comment       0x00000030       0x31 DS1306_RTCDrivers.o
 .comment       0x00000030       0x31 FSM.o
 .comment       0x00000030       0x31 main.o
 .comment       0x00000030       0x31 c:/program files (x86)/atmel/studio/7.0/toolchain/avr8/avr8-gnu-toolchain/bin/../lib/gcc/avr/5.4.0/../../../../avr/lib/avrxmega4\libc.a(sprintf.o)
 .comment       0x00000030       0x2c c:/program files (x86)/atmel/studio/7.0/toolchain/avr8/avr8-gnu-toolchain/bin/../lib/gcc/avr/5.4.0/../../../../avr/lib/avrxmega4\libc.a(vfprintf_std.o)
                                 0x2d (size before relaxing)
 .comment       0x0000005c       0x31 c:/program files (x86)/atmel/studio/7.0/toolchain/avr8/avr8-gnu-toolchain/bin/../lib/gcc/avr/5.4.0/../../../../avr/lib/avrxmega4\libc.a(fputc.o)

.note.gnu.avr.deviceinfo
                0x00000000       0x40
 .note.gnu.avr.deviceinfo
                0x00000000       0x40 C:/Program Files (x86)/Atmel/Studio/7.0/Packs/atmel/AVR-Dx_DFP/1.6.76/gcc/dev/avr128db48/avrxmega4/crtavr128db48.o

.note.gnu.build-id
 *(.note.gnu.build-id)

.debug
 *(.debug)

.line
 *(.line)

.debug_srcinfo
 *(.debug_srcinfo)

.debug_sfnames
 *(.debug_sfnames)

.debug_aranges  0x00000000      0x190
 *(.debug_aranges)
 .debug_aranges
                0x00000000       0x28 ADC.o
 .debug_aranges
                0x00000028       0x60 FSM_Methods.o
 .debug_aranges
                0x00000088       0x28 USART3.o
 .debug_aranges
                0x000000b0       0x40 DOG_LCD.o
 .debug_aranges
                0x000000f0       0x48 DS1306_RTCDrivers.o
 .debug_aranges
                0x00000138       0x20 FSM.o
 .debug_aranges
                0x00000158       0x38 main.o

.debug_pubnames
 *(.debug_pubnames)

.debug_info     0x00000000     0x4da1
 *(.debug_info .gnu.linkonce.wi.*)
 .debug_info    0x00000000     0x2f42 C:/Program Files (x86)/Atmel/Studio/7.0/Packs/atmel/AVR-Dx_DFP/1.6.76/gcc/dev/avr128db48/avrxmega4/crtavr128db48.o
 .debug_info    0x00002f42      0x26d ADC.o
 .debug_info    0x000031af      0x456 FSM_Methods.o
 .debug_info    0x00003605      0x329 USART3.o
 .debug_info    0x0000392e      0x68d DOG_LCD.o
 .debug_info    0x00003fbb      0x5b7 DS1306_RTCDrivers.o
 .debug_info    0x00004572      0x35a FSM.o
 .debug_info    0x000048cc      0x4d5 main.o

.debug_abbrev   0x00000000     0x36bc
 *(.debug_abbrev)
 .debug_abbrev  0x00000000     0x2cc2 C:/Program Files (x86)/Atmel/Studio/7.0/Packs/atmel/AVR-Dx_DFP/1.6.76/gcc/dev/avr128db48/avrxmega4/crtavr128db48.o
 .debug_abbrev  0x00002cc2       0xdb ADC.o
 .debug_abbrev  0x00002d9d      0x158 FSM_Methods.o
 .debug_abbrev  0x00002ef5      0x12d USART3.o
 .debug_abbrev  0x00003022      0x195 DOG_LCD.o
 .debug_abbrev  0x000031b7      0x246 DS1306_RTCDrivers.o
 .debug_abbrev  0x000033fd      0x121 FSM.o
 .debug_abbrev  0x0000351e      0x19e main.o

.debug_line     0x00000000     0x127f
 *(.debug_line .debug_line.* .debug_line_end)
 .debug_line    0x00000000      0x205 C:/Program Files (x86)/Atmel/Studio/7.0/Packs/atmel/AVR-Dx_DFP/1.6.76/gcc/dev/avr128db48/avrxmega4/crtavr128db48.o
 .debug_line    0x00000205      0x1c4 ADC.o
 .debug_line    0x000003c9      0x287 FSM_Methods.o
 .debug_line    0x00000650      0x161 USART3.o
 .debug_line    0x000007b1      0x350 DOG_LCD.o
 .debug_line    0x00000b01      0x3dd DS1306_RTCDrivers.o
 .debug_line    0x00000ede      0x151 FSM.o
 .debug_line    0x0000102f      0x250 main.o

.debug_frame    0x00000000      0x350
 *(.debug_frame)
 .debug_frame   0x00000000       0x44 ADC.o
 .debug_frame   0x00000044       0xa4 FSM_Methods.o
 .debug_frame   0x000000e8       0x34 USART3.o
 .debug_frame   0x0000011c       0x70 DOG_LCD.o
 .debug_frame   0x0000018c       0x98 DS1306_RTCDrivers.o
 .debug_frame   0x00000224       0x38 FSM.o
 .debug_frame   0x0000025c       0xf4 main.o

.debug_str      0x00000000     0x1ff8
 *(.debug_str)
 .debug_str     0x00000000     0x14f0 C:/Program Files (x86)/Atmel/Studio/7.0/Packs/atmel/AVR-Dx_DFP/1.6.76/gcc/dev/avr128db48/avrxmega4/crtavr128db48.o
 .debug_str     0x000014f0      0x497 ADC.o
                                0x4d0 (size before relaxing)
 .debug_str     0x00001987      0x130 FSM_Methods.o
                                0x2ed (size before relaxing)
 .debug_str     0x00001ab7      0x24b USART3.o
                                0x413 (size before relaxing)
 .debug_str     0x00001d02       0xb4 DOG_LCD.o
                                0x261 (size before relaxing)
 .debug_str     0x00001db6      0x109 DS1306_RTCDrivers.o
                                0x34e (size before relaxing)
 .debug_str     0x00001ebf       0x67 FSM.o
                                0x2b7 (size before relaxing)
 .debug_str     0x00001f26       0xd2 main.o
                                0x39e (size before relaxing)

.debug_loc      0x00000000      0xc49
 *(.debug_loc)
 .debug_loc     0x00000000       0x48 ADC.o
 .debug_loc     0x00000048      0x108 FSM_Methods.o
 .debug_loc     0x00000150      0x508 DOG_LCD.o
 .debug_loc     0x00000658      0x36e DS1306_RTCDrivers.o
 .debug_loc     0x000009c6       0xba FSM.o
 .debug_loc     0x00000a80      0x1c9 main.o

.debug_macinfo
 *(.debug_macinfo)

.debug_weaknames
 *(.debug_weaknames)

.debug_funcnames
 *(.debug_funcnames)

.debug_typenames
 *(.debug_typenames)

.debug_varnames
 *(.debug_varnames)

.debug_pubtypes
 *(.debug_pubtypes)

.debug_ranges   0x00000000      0x120
 *(.debug_ranges)
 .debug_ranges  0x00000000       0x18 ADC.o
 .debug_ranges  0x00000018       0x50 FSM_Methods.o
 .debug_ranges  0x00000068       0x18 USART3.o
 .debug_ranges  0x00000080       0x30 DOG_LCD.o
 .debug_ranges  0x000000b0       0x38 DS1306_RTCDrivers.o
 .debug_ranges  0x000000e8       0x10 FSM.o
 .debug_ranges  0x000000f8       0x28 main.o

.debug_macro
 *(.debug_macro)
OUTPUT(display_time_temp.elf elf32-avr)
LOAD linker stubs
